Installing, this may take a few minutes...
Installation successful!
Please create a default UNIX user account. The username does not need to match your Windows username.
For more information visit: https://aka.ms/wslusers
Enter new UNIX username: wchen
Enter new UNIX password:
Retype new UNIX password:
passwd: password updated successfully
Default UNIX user set to: wchen
To run a command as administrator (user "root"), use "sudo <command>".
See "man sudo_root" for details.

wchen@LAPTOP-OCESKH0M:~$
wchen@LAPTOP-OCESKH0M:~$ pwd
/home/wchen
wchen@LAPTOP-OCESKH0M:~$ ssh-keygen -t rsa -b 2048
Generating public/private rsa key pair.
Enter file in which to save the key (/home/wchen/.ssh/id_rsa):
Created directory '/home/wchen/.ssh'.
Enter passphrase (empty for no passphrase):
Enter same passphrase again:
Your identification has been saved in /home/wchen/.ssh/id_rsa.
Your public key has been saved in /home/wchen/.ssh/id_rsa.pub.
The key fingerprint is:
SHA256:l9RCM5reJMfTriyMeG6l8EWUlpcwS9aPUJrZ90slfV4 wchen@LAPTOP-OCESKH0M
The key's randomart image is:
+---[RSA 2048]----+
|        =*=.     |
|       o*%+=   . |
|       oOoOo+ . E|
|       ..*.*.. +o|
|       .S + . o .|
|    .. ooo . . . |
|    .oo+o o   .  |
|     o+  .       |
|     ..          |
+----[SHA256]-----+
wchen@LAPTOP-OCESKH0M:~$ ssh-copy-id wchen@172.15.1.254
/usr/bin/ssh-copy-id: INFO: Source of key(s) to be installed: "/home/wchen/.ssh/id_rsa.pub"
The authenticity of host '172.15.1.254 (172.15.1.254)' can't be established.
ECDSA key fingerprint is SHA256:fpDIPh22Y5XNx4c4QgybXyWOmxz+dHxLkn+KEXSdGJE.
Are you sure you want to continue connecting (yes/no)? yes
/usr/bin/ssh-copy-id: INFO: attempting to log in with the new key(s), to filter out any that are already installed
/usr/bin/ssh-copy-id: INFO: 1 key(s) remain to be installed -- if you are prompted now it is to install the new keys
wchen@172.15.1.254's password:
Permission denied, please try again.
wchen@172.15.1.254's password:
Permission denied, please try again.
wchen@172.15.1.254's password:

wchen@LAPTOP-OCESKH0M:~$ ^C
wchen@LAPTOP-OCESKH0M:~$
wchen@LAPTOP-OCESKH0M:~$
wchen@LAPTOP-OCESKH0M:~$ cd .ssh
wchen@LAPTOP-OCESKH0M:~/.ssh$ ll
total 4
drwx------ 0 wchen wchen  512 Apr  3 13:52 ./
drwxr-xr-x 0 wchen wchen  512 Apr  3 13:52 ../
-rw------- 1 wchen wchen 1679 Apr  3 13:52 id_rsa
-rw-r--r-- 1 wchen wchen  403 Apr  3 13:52 id_rsa.pub
-rw-r--r-- 1 wchen wchen  222 Apr  3 13:52 known_hosts
wchen@LAPTOP-OCESKH0M:~/.ssh$ cat id_rsa.pub
ssh-rsa AAAAB3NzaC1yc2EAAAADAQABAAABAQDiBd4upCdwECslRtJCmvcJbd/dPsCYD3iYXBP6XQBrVrV/7u+fyxvcN2VyubRkezW13ZPAo2zGsGj0quSy443mbYrGHDItQj+G7y6h/Xp6/QZ3Y0W9s4ac1/W/YspwGW8oVQdOF/hivyTw8ToHsYngvskswawe1oqPql9uLdBSAytQDj01IJ/8NBO89ePkjSm95AnPlHkKkArOx6OdXdWQtzN70rMiUi5W+a7iUT6lLSFzYigVFeIjyEVWCgswqcsZbU4DdZZNZL9LkFWyZDJM4OO5bQzr945T2oJNa0udb6u7Fhozomep028LkL21HaKiDib/Y3sKvhOrvNJMV8BN wchen@LAPTOP-OCESKH0M
wchen@LAPTOP-OCESKH0M:~/.ssh$
wchen@LAPTOP-OCESKH0M:~/.ssh$
wchen@LAPTOP-OCESKH0M:~/.ssh$
wchen@LAPTOP-OCESKH0M:~/.ssh$ cd ..
wchen@LAPTOP-OCESKH0M:~$ ll
total 8
drwxr-xr-x 0 wchen wchen  512 Apr  3 13:52 ./
drwxr-xr-x 0 root  root   512 Apr  3 10:45 ../
-rw-r--r-- 1 wchen wchen  220 Apr  3 10:45 .bash_logout
-rw-r--r-- 1 wchen wchen 3771 Apr  3 10:45 .bashrc
-rw-r--r-- 1 wchen wchen  655 Apr  3 10:45 .profile
drwx------ 0 wchen wchen  512 Apr  3 13:52 .ssh/
wchen@LAPTOP-OCESKH0M:~$ pwd
/home/wchen
wchen@LAPTOP-OCESKH0M:~$ git config --global user.name "Wan Chen"
wchen@LAPTOP-OCESKH0M:~$ git config --global user.email "wchen@gacrndusa.com"
wchen@LAPTOP-OCESKH0M:~$ git clone git@gitlab.gaei.usa:wchen/tes^C
wchen@LAPTOP-OCESKH0M:~$ cat /etc/hosts
# This file is automatically generated by WSL based on the Windows hosts file:
# %WINDIR%\System32\drivers\etc\hosts. Modifications to this file will be overwritten.
127.0.0.1       localhost
127.0.1.1       LAPTOP-OCESKH0M.localdomain     LAPTOP-OCESKH0M

# The following lines are desirable for IPv6 capable hosts
::1     ip6-localhost ip6-loopback
fe00::0 ip6-localnet
ff00::0 ip6-mcastprefix
ff02::1 ip6-allnodes
ff02::2 ip6-allrouters
wchen@LAPTOP-OCESKH0M:~$ vi /etc/hosts
wchen@LAPTOP-OCESKH0M:~$ sudo vi /etc/hosts
[sudo] password for wchen:
wchen@LAPTOP-OCESKH0M:~$
wchen@LAPTOP-OCESKH0M:~$
wchen@LAPTOP-OCESKH0M:~$
wchen@LAPTOP-OCESKH0M:~$ cat /etc/hosts^C
wchen@LAPTOP-OCESKH0M:~$
wchen@LAPTOP-OCESKH0M:~$
wchen@LAPTOP-OCESKH0M:~$
wchen@LAPTOP-OCESKH0M:~$ git clone git@gitlab.gaei.usa:big-data/user-profile.git
Cloning into 'user-profile'...
The authenticity of host 'gitlab.gaei.usa (172.15.1.254)' can't be established.
ECDSA key fingerprint is SHA256:fpDIPh22Y5XNx4c4QgybXyWOmxz+dHxLkn+KEXSdGJE.
Are you sure you want to continue connecting (yes/no)? yes
Warning: Permanently added 'gitlab.gaei.usa' (ECDSA) to the list of known hosts.
remote: Counting objects: 337, done.
remote: Compressing objects: 100% (179/179), done.
remote: Total 337 (delta 199), reused 267 (delta 146)
Receiving objects: 100% (337/337), 1.22 MiB | 0 bytes/s, done.
Resolving deltas: 100% (199/199), done.
Checking connectivity... done.
wchen@LAPTOP-OCESKH0M:~$
wchen@LAPTOP-OCESKH0M:~$
wchen@LAPTOP-OCESKH0M:~$ git status
fatal: Not a git repository (or any of the parent directories): .git
wchen@LAPTOP-OCESKH0M:~$ cd user-profile/
wchen@LAPTOP-OCESKH0M:~/user-profile$ gi status
gi: command not found
wchen@LAPTOP-OCESKH0M:~/user-profile$ ^C
wchen@LAPTOP-OCESKH0M:~/user-profile$ git status
On branch master
Your branch is up-to-date with 'origin/master'.
nothing to commit, working directory clean
wchen@LAPTOP-OCESKH0M:~/user-profile$ checkout -b branch dev
checkout: command not found
wchen@LAPTOP-OCESKH0M:~/user-profile$ git checkout -b dev
Switched to a new branch 'dev'
wchen@LAPTOP-OCESKH0M:~/user-profile$ git branch
* dev
  master
wchen@LAPTOP-OCESKH0M:~/user-profile$ ll
total 0
drwxrwxrwx 0 wchen wchen 512 Apr  3 14:02 ./
drwxr-xr-x 0 wchen wchen 512 Apr  3 14:02 ../
drwxrwxrwx 0 wchen wchen 512 Apr  3 14:02 bin/
drwxrwxrwx 0 wchen wchen 512 Apr  3 14:02 doc/
drwxrwxrwx 0 wchen wchen 512 Apr  3 14:03 .git/
drwxrwxrwx 0 wchen wchen 512 Apr  3 14:02 lib/
-rw-rw-rw- 1 wchen wchen   0 Apr  3 14:02 README.md
-rw-rw-rw- 1 wchen wchen 170 Apr  3 14:02 requirements.txt
drwxrwxrwx 0 wchen wchen 512 Apr  3 14:02 state-update/
drwxrwxrwx 0 wchen wchen 512 Apr  3 14:02 stats-core/
drwxrwxrwx 0 wchen wchen 512 Apr  3 14:02 tests/
wchen@LAPTOP-OCESKH0M:~/user-profile$ git branch master
fatal: A branch named 'master' already exists.
wchen@LAPTOP-OCESKH0M:~/user-profile$ git checkout master
Switched to branch 'master'
Your branch is up-to-date with 'origin/master'.
wchen@LAPTOP-OCESKH0M:~/user-profile$
wchen@LAPTOP-OCESKH0M:~/user-profile$
wchen@LAPTOP-OCESKH0M:~/user-profile$
wchen@LAPTOP-OCESKH0M:~/user-profile$ git checkout -b wchen-dev
Switched to a new branch 'wchen-dev'
wchen@LAPTOP-OCESKH0M:~/user-profile$
wchen@LAPTOP-OCESKH0M:~/user-profile$
wchen@LAPTOP-OCESKH0M:~/user-profile$ git branch -D dev
Deleted branch dev (was 8b4ea3e).
wchen@LAPTOP-OCESKH0M:~/user-profile$ git branch
  master
* wchen-dev
wchen@LAPTOP-OCESKH0M:~/user-profile$ git status
On branch wchen-dev
nothing to commit, working directory clean
wchen@LAPTOP-OCESKH0M:~/user-profile$ ll
total 0
drwxrwxrwx 0 wchen wchen 512 Apr  3 14:02 ./
drwxr-xr-x 0 wchen wchen 512 Apr  3 14:02 ../
drwxrwxrwx 0 wchen wchen 512 Apr  3 14:02 bin/
drwxrwxrwx 0 wchen wchen 512 Apr  3 14:02 doc/
drwxrwxrwx 0 wchen wchen 512 Apr  3 14:05 .git/
drwxrwxrwx 0 wchen wchen 512 Apr  3 14:02 lib/
-rw-rw-rw- 1 wchen wchen   0 Apr  3 14:02 README.md
-rw-rw-rw- 1 wchen wchen 170 Apr  3 14:02 requirements.txt
drwxrwxrwx 0 wchen wchen 512 Apr  3 14:02 state-update/
drwxrwxrwx 0 wchen wchen 512 Apr  3 14:02 stats-core/
drwxrwxrwx 0 wchen wchen 512 Apr  3 14:02 tests/
wchen@LAPTOP-OCESKH0M:~/user-profile$ touch testfile
wchen@LAPTOP-OCESKH0M:~/user-profile$ git status
On branch wchen-dev
Untracked files:
  (use "git add <file>..." to include in what will be committed)

        testfile

nothing added to commit but untracked files present (use "git add" to track)
wchen@LAPTOP-OCESKH0M:~/user-profile$ git commit -m "add a test file"
On branch wchen-dev
Untracked files:
        testfile

nothing added to commit but untracked files present
wchen@LAPTOP-OCESKH0M:~/user-profile$ git add -A
wchen@LAPTOP-OCESKH0M:~/user-profile$ git commit -m "add a test file"
[wchen-dev 886a09b] add a test file
 1 file changed, 0 insertions(+), 0 deletions(-)
 create mode 100644 testfile
wchen@LAPTOP-OCESKH0M:~/user-profile$ git status
On branch wchen-dev
nothing to commit, working directory clean
wchen@LAPTOP-OCESKH0M:~/user-profile$ git push
warning: push.default is unset; its implicit value has changed in
Git 2.0 from 'matching' to 'simple'. To squelch this message
and maintain the traditional behavior, use:

  git config --global push.default matching

To squelch this message and adopt the new behavior now, use:

  git config --global push.default simple

When push.default is set to 'matching', git will push local branches
to the remote branches that already exist with the same name.

Since Git 2.0, Git defaults to the more conservative 'simple'
behavior, which only pushes the current branch to the corresponding
remote branch that 'git pull' uses to update the current branch.

See 'git help config' and search for 'push.default' for further information.
(the 'simple' mode was introduced in Git 1.7.11. Use the similar mode
'current' instead of 'simple' if you sometimes use older versions of Git)

fatal: The current branch wchen-dev has no upstream branch.
To push the current branch and set the remote as upstream, use

    git push --set-upstream origin wchen-dev

wchen@LAPTOP-OCESKH0M:~/user-profile$ git push --set-upstream origin wchen-dev
Counting objects: 2, done.
Delta compression using up to 4 threads.
Compressing objects: 100% (2/2), done.
Writing objects: 100% (2/2), 245 bytes | 0 bytes/s, done.
Total 2 (delta 1), reused 0 (delta 0)
remote:
remote: To create a merge request for wchen-dev, visit:
remote:   https://gitlab.gaei.usa/big-data/user-profile/merge_requests/new?merge_request%5Bsource_branch%5D=wchen-dev
remote:
To git@gitlab.gaei.usa:big-data/user-profile.git
 * [new branch]      wchen-dev -> wchen-dev
Branch wchen-dev set up to track remote branch wchen-dev from origin.
wchen@LAPTOP-OCESKH0M:~/user-profile$
wchen@LAPTOP-OCESKH0M:~/user-profile$
wchen@LAPTOP-OCESKH0M:~/user-profile$ git push
warning: push.default is unset; its implicit value has changed in
Git 2.0 from 'matching' to 'simple'. To squelch this message
and maintain the traditional behavior, use:

  git config --global push.default matching

To squelch this message and adopt the new behavior now, use:

  git config --global push.default simple

When push.default is set to 'matching', git will push local branches
to the remote branches that already exist with the same name.

Since Git 2.0, Git defaults to the more conservative 'simple'
behavior, which only pushes the current branch to the corresponding
remote branch that 'git pull' uses to update the current branch.

See 'git help config' and search for 'push.default' for further information.
(the 'simple' mode was introduced in Git 1.7.11. Use the similar mode
'current' instead of 'simple' if you sometimes use older versions of Git)

Everything up-to-date
wchen@LAPTOP-OCESKH0M:~/user-profile$
